org.jgrapht.alg.AbstractPathElementList(org.jgrapht.Graph<V, E>, int, org.jgrapht.alg.AbstractPathElementList<V, E, T>, E) throws java.lang.NullPointerException if the specified prevPathElementList or edge is null. ==> [args[2]==null||args[3]==null]
org.jgrapht.alg.AbstractPathElementList(org.jgrapht.Graph<V, E>, int, org.jgrapht.alg.AbstractPathElementList<V, E, T>, E) throws java.lang.IllegalArgumentException if maxSize is negative or 0. ==> [args[1]<0||args[1]==0]
org.jgrapht.alg.AbstractPathElementList(org.jgrapht.Graph<V, E>, int, T) throws java.lang.NullPointerException if the specified path-element is null. ==> [args[2]==null]
org.jgrapht.alg.AbstractPathElementList(org.jgrapht.Graph<V, E>, int, T) throws java.lang.IllegalArgumentException if maxSize is negative or 0. ==> [args[1]<0||args[1]==0]
org.jgrapht.alg.AbstractPathElementList(org.jgrapht.Graph<V, E>, int, T) throws java.lang.IllegalArgumentException if pathElement is not empty. ==> [args[2].getPrevEdge()!=null]
org.jgrapht.alg.AbstractPathElementList(org.jgrapht.Graph<V, E>, int, V) throws java.lang.IllegalArgumentException if maxSize is negative or 0. ==> [args[1]<0||args[1]==0]
