org.jgrapht.generate.CompleteGraphGenerator(int) throws java.lang.IllegalArgumentException if the specified size is negative. ==> [args[0]<0]
