org.jgrapht.Graph.addEdge(V, V) throws java.lang.IllegalArgumentException if source or target vertices are not found in the graph. ==> [target.contains(arg[0])==false||target.contains(arg[1])==false]
org.jgrapht.Graph.addEdge(V, V) throws java.lang.NullPointerException if any of the specified vertices is null. ==> [args[0]==null||args[1]==null]
org.jgrapht.Graph.addEdge(V, V, E) throws java.lang.IllegalArgumentException if source or target vertices are not found in the graph. ==> [target.contains(arg[0])==false||target.contains(arg[1])==false]
org.jgrapht.Graph.addEdge(V, V, E) throws java.lang.ClassCastException if the specified edge is not assignment compatible with the class of edges produced by the edge factory of this graph. ==> []
org.jgrapht.Graph.addEdge(V, V, E) throws java.lang.NullPointerException if any of the specified vertices is null. ==> [args[0]==null||args[1]==null]
org.jgrapht.Graph.addVertex(V) throws java.lang.NullPointerException if the specified vertex is null. ==> [args[0]==null]
org.jgrapht.Graph.edgesOf(V) throws java.lang.IllegalArgumentException if vertex is not found in the graph. ==> [target.contains(arg[0])==false]
org.jgrapht.Graph.edgesOf(V) throws java.lang.NullPointerException if vertex is null. ==> [args[0]==null]
org.jgrapht.Graph.removeAllEdges(java.util.Collection<? extends E>) throws java.lang.NullPointerException if the specified edge collection is null. ==> [args[0]==null]
org.jgrapht.Graph.removeAllVertices(java.util.Collection<? extends V>) throws java.lang.NullPointerException if the specified vertex collection is null. ==> [args[0]==null]
