org.jgrapht.Graphs.<V, E>addAllVertices(org.jgrapht.Graph<? super V, ? super E>, java.util.Collection<? extends V>) throws java.lang.NullPointerException if the specified vertices contains one or more null vertices, or if the specified vertex collection is null. ==> [args[1].contains(null)||args[1]==null]
org.jgrapht.Graphs.<V, E>undirectedGraph(org.jgrapht.Graph<V, E>) throws java.lang.IllegalArgumentException if the graph is neither DirectedGraph nor UndirectedGraph. ==> [!(args[0]instanceoforg.jgrapht.DirectedGraph)&&!(args[0]instanceoforg.jgrapht.UndirectedGraph)]
