org.jgrapht.graph.GraphDelegator(org.jgrapht.Graph<V, E>) throws java.lang.IllegalArgumentException iff g==null ==> [args[0]==null]
