org.apache.commons.math3.genetics.BinaryMutation.mutate(org.apache.commons.math3.genetics.Chromosome) throws org.apache.commons.math3.exception.MathIllegalArgumentException if original is not an instance of BinaryChromosome. ==> [(args[0]instanceofBinaryChromosome)==false]
