org.apache.commons.math3.analysis.interpolation.BivariateGridInterpolator.interpolate(double[], double[], double[][]) throws org.apache.commons.math3.exception.DimensionMismatchException if the array lengths are inconsistent. ==> []
org.apache.commons.math3.analysis.interpolation.BivariateGridInterpolator.interpolate(double[], double[], double[][]) throws org.apache.commons.math3.exception.NoDataException if any of the arrays has zero length. ==> [args[0].length==0||args[1].length==0||args[2].length==0]
org.apache.commons.math3.analysis.interpolation.BivariateGridInterpolator.interpolate(double[], double[], double[][]) throws org.apache.commons.math3.exception.NonMonotonicSequenceException if the array is not sorted. ==> []
org.apache.commons.math3.analysis.interpolation.BivariateGridInterpolator.interpolate(double[], double[], double[][]) throws org.apache.commons.math3.exception.NumberIsTooSmallException if the number of points is too small for the order of the interpolation ==> []
