org.apache.commons.math3.ode.ContinuousOutputModel.append(org.apache.commons.math3.ode.ContinuousOutputModel) throws org.apache.commons.math3.exception.MathIllegalArgumentException if the model to append is not compatible with the instance (dimension of the state vector, propagation direction, hole between the dates) ==> []
org.apache.commons.math3.ode.ContinuousOutputModel.append(org.apache.commons.math3.ode.ContinuousOutputModel) throws org.apache.commons.math3.exception.MaxCountExceededException if the number of functions evaluations is exceeded during step finalization ==> []
org.apache.commons.math3.ode.ContinuousOutputModel.getInterpolatedDerivatives() throws org.apache.commons.math3.exception.MaxCountExceededException if the number of functions evaluations is exceeded ==> []
org.apache.commons.math3.ode.ContinuousOutputModel.getInterpolatedSecondaryDerivatives(int) throws org.apache.commons.math3.exception.MaxCountExceededException if the number of functions evaluations is exceeded ==> []
org.apache.commons.math3.ode.ContinuousOutputModel.getInterpolatedSecondaryState(int) throws org.apache.commons.math3.exception.MaxCountExceededException if the number of functions evaluations is exceeded ==> []
org.apache.commons.math3.ode.ContinuousOutputModel.getInterpolatedState() throws org.apache.commons.math3.exception.MaxCountExceededException if the number of functions evaluations is exceeded ==> []
org.apache.commons.math3.ode.ContinuousOutputModel.handleStep(org.apache.commons.math3.ode.sampling.StepInterpolator, boolean) throws org.apache.commons.math3.exception.MaxCountExceededException if the number of functions evaluations is exceeded during step finalization ==> []
