org.apache.commons.math3.genetics.CycleCrossover.crossover(org.apache.commons.math3.genetics.Chromosome, org.apache.commons.math3.genetics.Chromosome) throws org.apache.commons.math3.exception.MathIllegalArgumentException if the chromosomes are not an instance of AbstractListChromosome ==> [(args[0]instanceofAbstractListChromosome)==false||(args[1]instanceofAbstractListChromosome)==false]
org.apache.commons.math3.genetics.CycleCrossover.crossover(org.apache.commons.math3.genetics.Chromosome, org.apache.commons.math3.genetics.Chromosome) throws org.apache.commons.math3.exception.DimensionMismatchException if the length of the two chromosomes is different ==> [(args[0].getLength()==args[1].getLength())==false]
org.apache.commons.math3.genetics.CycleCrossover.mate(org.apache.commons.math3.genetics.AbstractListChromosome<T>, org.apache.commons.math3.genetics.AbstractListChromosome<T>) throws org.apache.commons.math3.exception.DimensionMismatchException if the length of the two chromosomes is different ==> [(args[0].getLength()==args[1].getLength())==false]
