org.apache.commons.math3.util.FastMath.toIntExact(long) throws org.apache.commons.math3.exception.MathArithmeticException if n cannot fit into an int ==> []
org.apache.commons.math3.util.FastMath.incrementExact(int) throws org.apache.commons.math3.exception.MathArithmeticException if an overflow occurs ==> []
org.apache.commons.math3.util.FastMath.incrementExact(long) throws org.apache.commons.math3.exception.MathArithmeticException if an overflow occurs ==> []
org.apache.commons.math3.util.FastMath.decrementExact(int) throws org.apache.commons.math3.exception.MathArithmeticException if an overflow occurs ==> []
org.apache.commons.math3.util.FastMath.decrementExact(long) throws org.apache.commons.math3.exception.MathArithmeticException if an overflow occurs ==> []
org.apache.commons.math3.util.FastMath.addExact(int, int) throws org.apache.commons.math3.exception.MathArithmeticException if an overflow occurs ==> []
org.apache.commons.math3.util.FastMath.addExact(long, long) throws org.apache.commons.math3.exception.MathArithmeticException if an overflow occurs ==> []
org.apache.commons.math3.util.FastMath.subtractExact(int, int) throws org.apache.commons.math3.exception.MathArithmeticException if an overflow occurs ==> []
org.apache.commons.math3.util.FastMath.subtractExact(long, long) throws org.apache.commons.math3.exception.MathArithmeticException if an overflow occurs ==> []
org.apache.commons.math3.util.FastMath.multiplyExact(int, int) throws org.apache.commons.math3.exception.MathArithmeticException if an overflow occurs ==> []
org.apache.commons.math3.util.FastMath.multiplyExact(long, long) throws org.apache.commons.math3.exception.MathArithmeticException if an overflow occurs ==> []
org.apache.commons.math3.util.FastMath.floorDiv(int, int) throws org.apache.commons.math3.exception.MathArithmeticException if b == 0 ==> [args[1]==0]
org.apache.commons.math3.util.FastMath.floorDiv(long, long) throws org.apache.commons.math3.exception.MathArithmeticException if b == 0 ==> [args[1]==0]
org.apache.commons.math3.util.FastMath.floorMod(int, int) throws org.apache.commons.math3.exception.MathArithmeticException if b == 0 ==> [args[1]==0]
org.apache.commons.math3.util.FastMath.floorMod(long, long) throws org.apache.commons.math3.exception.MathArithmeticException if b == 0 ==> [args[1]==0]
