org.apache.commons.math3.analysis.FunctionUtils.sample(org.apache.commons.math3.analysis.UnivariateFunction, double, double, int) throws org.apache.commons.math3.exception.NumberIsTooLargeException if the lower bound min is greater than, or equal to the upper bound max. ==> [args[1]<=args[2]]
org.apache.commons.math3.analysis.FunctionUtils.sample(org.apache.commons.math3.analysis.UnivariateFunction, double, double, int) throws org.apache.commons.math3.exception.NotStrictlyPositiveException if the number of sample points n is negative. ==> [args[3]<0]
