org.apache.commons.math3.analysis.interpolation.LinearInterpolator.interpolate(double[], double[]) throws org.apache.commons.math3.exception.DimensionMismatchException if x and y have different sizes. ==> [((args[0].length)==(args[1].length))==false]
org.apache.commons.math3.analysis.interpolation.LinearInterpolator.interpolate(double[], double[]) throws org.apache.commons.math3.exception.NonMonotonicSequenceException if x is not sorted in strict increasing order. ==> []
org.apache.commons.math3.analysis.interpolation.LinearInterpolator.interpolate(double[], double[]) throws org.apache.commons.math3.exception.NumberIsTooSmallException if the size of x is smaller than 2. ==> [args[0].length<2]
org.apache.commons.math3.analysis.interpolation.LinearInterpolator.interpolate(double[], double[]) throws org.apache.commons.math3.exception.MathIllegalArgumentException if the arguments violate assumptions made by the interpolation algorithm. ==> []
org.apache.commons.math3.analysis.interpolation.LinearInterpolator.interpolate(double[], double[]) throws org.apache.commons.math3.exception.DimensionMismatchException if arrays lengthes do not match ==> [((args[0].length)==(args[1].length))==false]
