org.apache.commons.math3.analysis.function.Logistic(double, double, double, double, double, double) throws org.apache.commons.math3.exception.NotStrictlyPositiveException if n <= 0. ==> [args[5]<=0]
org.apache.commons.math3.analysis.function.Logistic.value(double) throws java.lang.IllegalArgumentException when the activated method itself can ascertain that a precondition, specified in the API expressed at the level of the activated method, has been violated. When Commons Math throws an IllegalArgumentException, it is usually the consequence of checking the actual parameters passed to the method. ==> []
org.apache.commons.math3.analysis.function.Logistic.value(org.apache.commons.math3.analysis.differentiation.DerivativeStructure) throws org.apache.commons.math3.exception.DimensionMismatchException if t is inconsistent with the function's free parameters or order ==> []
