org.apache.commons.math3.stat.descriptive.rank.PSquarePercentile(double) throws org.apache.commons.math3.exception.OutOfRangeException if p is not greater than 0 and less than or equal to 100 ==> [(args[0]>0)==false||(args[0]<=100)==false]
