org.apache.commons.math3.genetics.RandomKey(java.lang.Double[]) throws org.apache.commons.math3.genetics.InvalidRepresentationException iff the representation can not represent a valid chromosome ==> []
org.apache.commons.math3.genetics.RandomKey(java.util.List<java.lang.Double>) throws org.apache.commons.math3.genetics.InvalidRepresentationException iff the representation can not represent a valid chromosome ==> []
org.apache.commons.math3.genetics.RandomKey.<S>inducedPermutation(java.util.List<S>, java.util.List<S>) throws org.apache.commons.math3.exception.DimensionMismatchException iff the length of originalData and permutedData lists are not equal ==> [args[0].size()!=args[1].size()]
org.apache.commons.math3.genetics.RandomKey.<S>inducedPermutation(java.util.List<S>, java.util.List<S>) throws org.apache.commons.math3.exception.MathIllegalArgumentException iff the permutedData and originalData lists contain different data ==> []
