org.apache.commons.math3.analysis.function.StepFunction(double[], double[]) throws org.apache.commons.math3.exception.NonMonotonicSequenceException if the x array is not sorted in strictly increasing order. ==> [MathArrays.checkOrder(args[0])==false]
org.apache.commons.math3.analysis.function.StepFunction(double[], double[]) throws org.apache.commons.math3.exception.NullArgumentException if x or y are null. ==> [args[0]==null||args[1]==null]
org.apache.commons.math3.analysis.function.StepFunction(double[], double[]) throws org.apache.commons.math3.exception.NoDataException if x or y are zero-length. ==> [args[0].length==0||args[1].length==0]
org.apache.commons.math3.analysis.function.StepFunction(double[], double[]) throws org.apache.commons.math3.exception.DimensionMismatchException if x and y do not have the same length. ==> [((args[0].length)==(args[1].length))==false]
org.apache.commons.math3.analysis.function.StepFunction.value(double) throws java.lang.IllegalArgumentException when the activated method itself can ascertain that a precondition, specified in the API expressed at the level of the activated method, has been violated. When Commons Math throws an IllegalArgumentException, it is usually the consequence of checking the actual parameters passed to the method. ==> []
