org.apache.commons.math3.stat.descriptive.SummaryStatistics(org.apache.commons.math3.stat.descriptive.SummaryStatistics) throws org.apache.commons.math3.exception.NullArgumentException if original is null ==> [args[0]==null]
org.apache.commons.math3.stat.descriptive.SummaryStatistics.copy(org.apache.commons.math3.stat.descriptive.SummaryStatistics, org.apache.commons.math3.stat.descriptive.SummaryStatistics) throws org.apache.commons.math3.exception.NullArgumentException if either source or dest is null ==> [args[0]==null||args[1]==null]
org.apache.commons.math3.stat.descriptive.SummaryStatistics.setGeoMeanImpl(org.apache.commons.math3.stat.descriptive.StorelessUnivariateStatistic) throws org.apache.commons.math3.exception.MathIllegalStateException if data has already been added (i.e if n > 0) ==> []
org.apache.commons.math3.stat.descriptive.SummaryStatistics.setMaxImpl(org.apache.commons.math3.stat.descriptive.StorelessUnivariateStatistic) throws org.apache.commons.math3.exception.MathIllegalStateException if data has already been added (i.e if n > 0) ==> []
org.apache.commons.math3.stat.descriptive.SummaryStatistics.setMeanImpl(org.apache.commons.math3.stat.descriptive.StorelessUnivariateStatistic) throws org.apache.commons.math3.exception.MathIllegalStateException if data has already been added (i.e if n > 0) ==> []
org.apache.commons.math3.stat.descriptive.SummaryStatistics.setMinImpl(org.apache.commons.math3.stat.descriptive.StorelessUnivariateStatistic) throws org.apache.commons.math3.exception.MathIllegalStateException if data has already been added (i.e if n > 0) ==> []
org.apache.commons.math3.stat.descriptive.SummaryStatistics.setSumImpl(org.apache.commons.math3.stat.descriptive.StorelessUnivariateStatistic) throws org.apache.commons.math3.exception.MathIllegalStateException if data has already been added (i.e if n >0) ==> []
org.apache.commons.math3.stat.descriptive.SummaryStatistics.setSumLogImpl(org.apache.commons.math3.stat.descriptive.StorelessUnivariateStatistic) throws org.apache.commons.math3.exception.MathIllegalStateException if data has already been added (i.e if n > 0) ==> []
org.apache.commons.math3.stat.descriptive.SummaryStatistics.setSumsqImpl(org.apache.commons.math3.stat.descriptive.StorelessUnivariateStatistic) throws org.apache.commons.math3.exception.MathIllegalStateException if data has already been added (i.e if n > 0) ==> []
org.apache.commons.math3.stat.descriptive.SummaryStatistics.setVarianceImpl(org.apache.commons.math3.stat.descriptive.StorelessUnivariateStatistic) throws org.apache.commons.math3.exception.MathIllegalStateException if data has already been added (i.e if n > 0) ==> []
