org.apache.commons.math3.optimization.univariate.UnivariateMultiStartOptimizer(org.apache.commons.math3.optimization.univariate.BaseUnivariateOptimizer<FUNC>, int, org.apache.commons.math3.random.RandomGenerator) throws org.apache.commons.math3.exception.NotStrictlyPositiveException if starts < 1. ==> [args[1]<1]
org.apache.commons.math3.optimization.univariate.UnivariateMultiStartOptimizer(org.apache.commons.math3.optimization.univariate.BaseUnivariateOptimizer<FUNC>, int, org.apache.commons.math3.random.RandomGenerator) throws org.apache.commons.math3.exception.NullArgumentException if optimizer or generator is null. ==> [args[0]==null||args[2]==null]
org.apache.commons.math3.optimization.univariate.UnivariateMultiStartOptimizer.getOptima() throws org.apache.commons.math3.exception.MathIllegalStateException if optimize has not been called. ==> []
