com.google.common.collect.ImmutableSortedMap.<K extends java.lang.Comparable<? super K>, V>of(K, V, K, V) throws java.lang.IllegalArgumentException if the two keys are equal according to their natural ordering ==> []
com.google.common.collect.ImmutableSortedMap.<K extends java.lang.Comparable<? super K>, V>of(K, V, K, V, K, V) throws java.lang.IllegalArgumentException if any two keys are equal according to their natural ordering ==> []
com.google.common.collect.ImmutableSortedMap.<K extends java.lang.Comparable<? super K>, V>of(K, V, K, V, K, V, K, V) throws java.lang.IllegalArgumentException if any two keys are equal according to their natural ordering ==> []
com.google.common.collect.ImmutableSortedMap.<K extends java.lang.Comparable<? super K>, V>of(K, V, K, V, K, V, K, V, K, V) throws java.lang.IllegalArgumentException if any two keys are equal according to their natural ordering ==> []
com.google.common.collect.ImmutableSortedMap.<K, V>copyOf(java.lang.Iterable<? extends java.util.Map.Entry<? extends K, ? extends V>>) throws java.lang.IllegalArgumentException if any two keys are equal according to the comparator ==> []
com.google.common.collect.ImmutableSortedMap.<K, V>copyOf(java.lang.Iterable<? extends java.util.Map.Entry<? extends K, ? extends V>>) throws java.lang.NullPointerException if any key or value in map is null ==> [target.lastKey()==null||target.values()==null]
com.google.common.collect.ImmutableSortedMap.<K, V>copyOf(java.lang.Iterable<? extends java.util.Map.Entry<? extends K, ? extends V>>, java.util.Comparator<? super K>) throws java.lang.IllegalArgumentException if any two keys are equal according to the comparator ==> []
com.google.common.collect.ImmutableSortedMap.<K, V>copyOf(java.lang.Iterable<? extends java.util.Map.Entry<? extends K, ? extends V>>, java.util.Comparator<? super K>) throws java.lang.NullPointerException if any key or value in map is null ==> [target.lastKey()==null||target.values()==null]
com.google.common.collect.ImmutableSortedMap.<K, V>copyOf(java.util.Map<? extends K, ? extends V>) throws java.lang.ClassCastException if the keys in map are not mutually comparable ==> []
com.google.common.collect.ImmutableSortedMap.<K, V>copyOf(java.util.Map<? extends K, ? extends V>) throws java.lang.IllegalArgumentException if any two keys are equal according to their natural ordering ==> []
com.google.common.collect.ImmutableSortedMap.<K, V>copyOf(java.util.Map<? extends K, ? extends V>) throws java.lang.NullPointerException if any key or value in map is null ==> [target.lastKey()==null||target.values()==null]
com.google.common.collect.ImmutableSortedMap.<K, V>copyOf(java.util.Map<? extends K, ? extends V>, java.util.Comparator<? super K>) throws java.lang.IllegalArgumentException if any two keys are equal according to the comparator ==> []
com.google.common.collect.ImmutableSortedMap.<K, V>copyOf(java.util.Map<? extends K, ? extends V>, java.util.Comparator<? super K>) throws java.lang.NullPointerException if any key or value in map is null ==> [target.lastKey()==null||target.values()==null]
com.google.common.collect.ImmutableSortedMap.<K, V>copyOfSorted(java.util.SortedMap<K, ? extends V>) throws java.lang.NullPointerException if any key or value in map is null ==> [target.lastKey()==null||target.values()==null]
com.google.common.collect.ImmutableSortedMap.<K, V>orderedBy(java.util.Comparator<K>) throws java.lang.NullPointerException if comparator is null ==> [args[0]==nulltarget.comparator()==null]
com.google.common.collect.ImmutableSortedMap.pollFirstEntry() throws java.lang.UnsupportedOperationException always ==> []
com.google.common.collect.ImmutableSortedMap.pollLastEntry() throws java.lang.UnsupportedOperationException always ==> []
