com.google.common.collect.ImmutableSortedMapFauxverideShim.<K, V>builder() throws java.lang.UnsupportedOperationException always ==> []
com.google.common.collect.ImmutableSortedMapFauxverideShim.<K, V>of(K, V) throws java.lang.UnsupportedOperationException always ==> []
com.google.common.collect.ImmutableSortedMapFauxverideShim.<K, V>of(K, V, K, V) throws java.lang.UnsupportedOperationException always ==> []
com.google.common.collect.ImmutableSortedMapFauxverideShim.<K, V>of(K, V, K, V, K, V) throws java.lang.UnsupportedOperationException always ==> []
com.google.common.collect.ImmutableSortedMapFauxverideShim.<K, V>of(K, V, K, V, K, V, K, V) throws java.lang.UnsupportedOperationException always ==> []
com.google.common.collect.ImmutableSortedMapFauxverideShim.<K, V>of(K, V, K, V, K, V, K, V, K, V) throws java.lang.UnsupportedOperationException always ==> []
