com.google.common.collect.Iterators.<T>getOnlyElement(java.util.Iterator<T>) throws java.util.NoSuchElementException if the iterator is empty ==> []
com.google.common.collect.Iterators.<T>getOnlyElement(java.util.Iterator<T>) throws java.lang.IllegalArgumentException if the iterator contains multiple elements. The state of the iterator is unspecified. ==> []
com.google.common.collect.Iterators.<T>getOnlyElement(java.util.Iterator<? extends T>, T) throws java.lang.IllegalArgumentException if the iterator contains multiple elements. The state of the iterator is unspecified. ==> []
com.google.common.collect.Iterators.<T>concat(java.util.Iterator<? extends T>...) throws java.lang.NullPointerException if any of the provided iterators is null ==> []
com.google.common.collect.Iterators.<T>partition(java.util.Iterator<T>, int) throws java.lang.IllegalArgumentException if size is nonpositive ==> [args[1]<0]
com.google.common.collect.Iterators.<T>paddedPartition(java.util.Iterator<T>, int) throws java.lang.IllegalArgumentException if size is nonpositive ==> [args[1]<0]
com.google.common.collect.Iterators.<T>find(java.util.Iterator<T>, com.google.common.base.Predicate<? super T>) throws java.util.NoSuchElementException if no element in iterator matches the given predicate ==> []
com.google.common.collect.Iterators.<T>get(java.util.Iterator<T>, int) throws java.lang.IndexOutOfBoundsException if position is negative or greater than or equal to the number of elements remaining in iterator ==> [args[1]<0]
com.google.common.collect.Iterators.<T>get(java.util.Iterator<? extends T>, int, T) throws java.lang.IndexOutOfBoundsException if position is negative ==> [args[1]<0]
com.google.common.collect.Iterators.<T>getLast(java.util.Iterator<T>) throws java.util.NoSuchElementException if the iterator is empty ==> []
com.google.common.collect.Iterators.<T>limit(java.util.Iterator<T>, int) throws java.lang.IllegalArgumentException if limitSize is negative ==> [args[1]<0]
