org.graphstream.util.Environment.readParameterFile(java.lang.String) throws java.io.IOException For any error with the given parameter file name. ==> []
org.graphstream.util.Environment.writeParameterFile(java.lang.String) throws java.io.IOException For any output error on the given file name. ==> []
