org.graphstream.util.set.FixedArrayList.add(E) throws java.lang.NullPointerException If a null value is inserted. ==> [args[0]==null]
