org.apache.commons.collections4.bag.CollectionBag(org.apache.commons.collections4.Bag<E>) throws java.lang.NullPointerException if bag is null ==> [args[0]==null]
org.apache.commons.collections4.bag.CollectionBag.<E>collectionBag(org.apache.commons.collections4.Bag<E>) throws java.lang.NullPointerException if bag is null ==> [args[0]==null]
