org.apache.commons.collections4.functors.IfClosure.<E>ifClosure(org.apache.commons.collections4.Predicate<? super E>, org.apache.commons.collections4.Closure<? super E>) throws java.lang.NullPointerException if either argument is null ==> [args[0]==null||args[1]==null]
org.apache.commons.collections4.functors.IfClosure.<E>ifClosure(org.apache.commons.collections4.Predicate<? super E>, org.apache.commons.collections4.Closure<? super E>, org.apache.commons.collections4.Closure<? super E>) throws java.lang.NullPointerException if any argument is null ==> [args[0]==null||args[1]==null||args[2]==null]
