org.apache.commons.collections4.iterators.LazyIteratorChain.next() throws java.util.NoSuchElementException if all the Iterators are exhausted ==> []
org.apache.commons.collections4.iterators.LazyIteratorChain.remove() throws java.lang.IllegalStateException if the next method has not yet been called, or the remove method has already been called after the last call to the next method. ==> []
org.apache.commons.collections4.iterators.LazyIteratorChain.remove() throws java.lang.UnsupportedOperationException if the remove operator is not supported by the underlying Iterator ==> []
