org.apache.commons.collections4.bag.SynchronizedBag(org.apache.commons.collections4.Bag<E>) throws java.lang.NullPointerException if bag is null ==> [args[0]==null]
org.apache.commons.collections4.bag.SynchronizedBag(org.apache.commons.collections4.Bag<E>, java.lang.Object) throws java.lang.NullPointerException if bag or lock is null ==> [args[0]==null||args[1]==null]
org.apache.commons.collections4.bag.SynchronizedBag.<E>synchronizedBag(org.apache.commons.collections4.Bag<E>) throws java.lang.NullPointerException if bag is null ==> [args[0]==null]
org.apache.commons.collections4.collection.SynchronizedCollection.<T>synchronizedCollection(java.util.Collection<T>) throws java.lang.NullPointerException if collection is null ==> [args[0]==null]
