plume.ArraysMDE.element_range(int[]) throws java.lang.ArrayIndexOutOfBoundsException if the array has length 0 ==> []
plume.ArraysMDE.element_range(long[]) throws java.lang.ArrayIndexOutOfBoundsException if the array has length 0 ==> []
plume.ArraysMDE.fn_inverse(int[], int) throws java.lang.IllegalArgumentException if a value of a is outside of arange ==> [args[0].length==0]
plume.ArraysMDE.fn_inverse(int[], int) throws java.lang.UnsupportedOperationException when the function is not invertible ==> []
plume.ArraysMDE.length(java.lang.Object) throws java.lang.IllegalArgumentException if obj is null or is not one of the types mentioned above. ==> [args[0]==null]
plume.ArraysMDE.max(double[]) throws java.lang.ArrayIndexOutOfBoundsException if the array has length 0 ==> []
plume.ArraysMDE.max(int[]) throws java.lang.ArrayIndexOutOfBoundsException if the array has length 0 ==> []
plume.ArraysMDE.max(java.lang.Double[]) throws java.lang.ArrayIndexOutOfBoundsException if the array has length 0 ==> []
plume.ArraysMDE.max(java.lang.Integer[]) throws java.lang.ArrayIndexOutOfBoundsException if the array has length 0 ==> []
plume.ArraysMDE.max(java.lang.Long[]) throws java.lang.ArrayIndexOutOfBoundsException if the array has length 0 ==> []
plume.ArraysMDE.max(long[]) throws java.lang.ArrayIndexOutOfBoundsException if the array has length 0 ==> []
plume.ArraysMDE.min(double[]) throws java.lang.ArrayIndexOutOfBoundsException if the array has length 0 ==> []
plume.ArraysMDE.min(int[]) throws java.lang.ArrayIndexOutOfBoundsException if the array has length 0 ==> []
plume.ArraysMDE.min(java.lang.Double[]) throws java.lang.ArrayIndexOutOfBoundsException if the array has length 0 ==> []
plume.ArraysMDE.min(java.lang.Integer[]) throws java.lang.ArrayIndexOutOfBoundsException if the array has length 0 ==> []
plume.ArraysMDE.min(java.lang.Long[]) throws java.lang.ArrayIndexOutOfBoundsException if the array has length 0 ==> []
plume.ArraysMDE.min(long[]) throws java.lang.ArrayIndexOutOfBoundsException if the array has length 0 ==> []
plume.ArraysMDE.min_max(int[]) throws java.lang.ArrayIndexOutOfBoundsException if the array has length 0 ==> []
plume.ArraysMDE.min_max(long[]) throws java.lang.ArrayIndexOutOfBoundsException if the array has length 0 ==> []
plume.ArraysMDE.toString(java.lang.Object) throws java.lang.IllegalArgumentException if obj is null or is not one of the types mentioned above. ==> [args[0]==null]
