plume.FileCompiler.compileFiles(java.util.List<java.lang.String>) throws java.io.IOException if there is a problem reading a file ==> []
