plume.UtilMDE.fileInputStream(java.io.File) throws java.io.IOException if there is trouble reading the file ==> []
plume.UtilMDE.fileReader(java.lang.String) throws java.io.IOException if there is trouble reading the file ==> []
plume.UtilMDE.fileReader(java.lang.String) throws java.io.FileNotFoundException if the file is not found ==> []
plume.UtilMDE.fileReader(java.io.File) throws java.io.FileNotFoundException if the file cannot be found ==> []
plume.UtilMDE.fileReader(java.io.File) throws java.io.IOException if there is trouble reading the file ==> []
plume.UtilMDE.fileReader(java.io.File, java.lang.String) throws java.io.FileNotFoundException if the file cannot be found ==> []
plume.UtilMDE.fileReader(java.io.File, java.lang.String) throws java.io.IOException if there is trouble reading the file ==> []
plume.UtilMDE.bufferedFileReader(java.lang.String) throws java.io.FileNotFoundException if the file cannot be found ==> []
plume.UtilMDE.bufferedFileReader(java.lang.String) throws java.io.IOException if there is trouble reading the file ==> []
plume.UtilMDE.bufferedFileReader(java.io.File) throws java.io.FileNotFoundException if the file cannot be found ==> []
plume.UtilMDE.bufferedFileReader(java.io.File) throws java.io.IOException if there is trouble reading the file ==> []
plume.UtilMDE.bufferedFileReader(java.lang.String, java.lang.String) throws java.io.FileNotFoundException if the file cannot be found ==> []
plume.UtilMDE.bufferedFileReader(java.lang.String, java.lang.String) throws java.io.IOException if there is trouble reading the file ==> []
plume.UtilMDE.bufferedFileReader(java.io.File, java.lang.String) throws java.io.FileNotFoundException if the file cannot be found ==> []
plume.UtilMDE.bufferedFileReader(java.io.File, java.lang.String) throws java.io.IOException if there is trouble reading the file ==> []
plume.UtilMDE.lineNumberFileReader(java.lang.String) throws java.io.FileNotFoundException if the file cannot be found ==> []
plume.UtilMDE.lineNumberFileReader(java.lang.String) throws java.io.IOException if there is trouble reading the file ==> []
plume.UtilMDE.lineNumberFileReader(java.io.File) throws java.io.FileNotFoundException if the file cannot be found ==> []
plume.UtilMDE.lineNumberFileReader(java.io.File) throws java.io.IOException if there is trouble reading the file ==> []
plume.UtilMDE.bufferedFileWriter(java.lang.String) throws java.io.IOException if there is trouble writing the file ==> []
plume.UtilMDE.bufferedFileWriter(java.lang.String, boolean) throws java.io.IOException if there is trouble writing the file ==> []
plume.UtilMDE.bufferedFileOutputStream(java.lang.String, boolean) throws java.io.IOException if there is trouble writing the file ==> []
plume.UtilMDE.classForName(java.lang.String) throws java.lang.ClassNotFoundException if the class is not found ==> []
plume.UtilMDE.primitiveTypeNameToFieldDescriptor(java.lang.String) throws java.lang.IllegalArgumentException if primitive_name is not a valid primitive type name. ==> []
plume.UtilMDE.defineClassFromFile(java.lang.String, java.lang.String) throws java.io.FileNotFoundException if the file cannot be found ==> []
plume.UtilMDE.defineClassFromFile(java.lang.String, java.lang.String) throws java.io.IOException if there is trouble reading the file ==> []
plume.UtilMDE.count_lines(java.lang.String) throws java.io.IOException if there is trouble reading the file ==> []
plume.UtilMDE.inferLineSeparator(java.lang.String) throws java.io.IOException if there is trouble reading the file ==> []
plume.UtilMDE.inferLineSeparator(java.io.File) throws java.io.IOException if there is trouble reading the file ==> []
plume.UtilMDE.createTempDir(java.lang.String, java.lang.String) throws java.lang.IllegalArgumentException If the prefix argument contains fewer than three characters ==> []
plume.UtilMDE.createTempDir(java.lang.String, java.lang.String) throws java.io.IOException If a file could not be created ==> []
plume.UtilMDE.createTempDir(java.lang.String, java.lang.String) throws java.lang.SecurityException If a security manager exists and its SecurityManager.checkWrite(java.lang.String) method does not allow a file to be created ==> []
plume.UtilMDE.writeObject(java.lang.Object, java.io.File) throws java.io.IOException if there is trouble writing the file ==> []
plume.UtilMDE.readObject(java.io.File) throws java.io.IOException if there is trouble reading the file ==> []
plume.UtilMDE.readObject(java.io.File) throws java.lang.ClassNotFoundException if the object's class cannot be found ==> []
plume.UtilMDE.<T>incrementMap(java.util.Map<T, java.lang.Integer>, T, int) throws java.lang.Error if the key is in the Map but maps to a non-Integer. ==> []
plume.UtilMDE.methodForName(java.lang.String) throws java.lang.ClassNotFoundException if the class is not found ==> []
plume.UtilMDE.methodForName(java.lang.String) throws java.lang.NoSuchMethodException if the method is not found ==> []
plume.UtilMDE.methodForName(java.lang.String, java.lang.String, java.lang.Class<?>[]) throws java.lang.ClassNotFoundException if the class is not found ==> []
plume.UtilMDE.methodForName(java.lang.String, java.lang.String, java.lang.Class<?>[]) throws java.lang.NoSuchMethodException if the method is not found ==> []
plume.UtilMDE.setFinalField(java.lang.Object, java.lang.String, java.lang.Object) throws java.lang.NoSuchFieldException if the field does not exist in the object ==> []
plume.UtilMDE.getPrivateField(java.lang.Object, java.lang.String) throws java.lang.NoSuchFieldException if the field does not exist in the object ==> []
