plume.WeakHasherMap(int, float) throws java.lang.IllegalArgumentException If the initial capacity is less than zero, or if the load factor is nonpositive ==> [args[0]<0||args[1]<=0]
plume.WeakHasherMap(int) throws java.lang.IllegalArgumentException If the initial capacity is less than zero ==> [args[0]<0]
